// Jest Snapshot v1, https://goo.gl/fbAQLP

exports[`Movie Collection renders correcly with empty route 1`] = `
<View
  style={
    Object {
      "alignItems": "center",
      "flexGrow": 1,
      "justifyContent": "center",
    }
  }
>
  <RCTScrollView
    ListEmptyComponent={[Function]}
    contentContainerStyle={
      Object {
        "flexGrow": 1,
        "paddingVertical": 40,
      }
    }
    disableVirtualization={false}
    getItem={[Function]}
    getItemCount={[Function]}
    horizontal={false}
    initialNumToRender={10}
    keyExtractor={[Function]}
    maxToRenderPerBatch={10}
    onContentSizeChange={[Function]}
    onEndReachedThreshold={2}
    onLayout={[Function]}
    onMomentumScrollEnd={[Function]}
    onScroll={[Function]}
    onScrollBeginDrag={[Function]}
    onScrollEndDrag={[Function]}
    removeClippedSubviews={false}
    renderItem={[Function]}
    scrollEventThrottle={50}
    stickyHeaderIndices={Array []}
    updateCellsBatchingPeriod={50}
    viewabilityConfigCallbackPairs={Array []}
    windowSize={21}
  >
    <View>
      <View
        style={
          Object {
            "alignItems": "center",
            "flexGrow": 1,
            "justifyContent": "center",
          }
        }
      >
        <Text
          style={
            Object {
              "color": "rgb(28, 28, 30)",
            }
          }
        >
          Nothing here yet
        </Text>
      </View>
    </View>
  </RCTScrollView>
</View>
`;

exports[`Movie Collection renders correcly with route with data of movie list 1`] = `
<View
  style={
    Object {
      "alignItems": "center",
      "flexGrow": 1,
      "justifyContent": "center",
    }
  }
>
  <RCTScrollView
    ListEmptyComponent={[Function]}
    contentContainerStyle={
      Object {
        "flexGrow": 1,
        "paddingVertical": 40,
      }
    }
    disableVirtualization={false}
    getItem={[Function]}
    getItemCount={[Function]}
    horizontal={false}
    initialNumToRender={10}
    keyExtractor={[Function]}
    maxToRenderPerBatch={10}
    onContentSizeChange={[Function]}
    onEndReachedThreshold={2}
    onLayout={[Function]}
    onMomentumScrollEnd={[Function]}
    onScroll={[Function]}
    onScrollBeginDrag={[Function]}
    onScrollEndDrag={[Function]}
    removeClippedSubviews={false}
    renderItem={[Function]}
    scrollEventThrottle={50}
    stickyHeaderIndices={Array []}
    updateCellsBatchingPeriod={50}
    viewabilityConfigCallbackPairs={Array []}
    windowSize={21}
  >
    <View>
      <View
        style={
          Object {
            "alignItems": "center",
            "flexGrow": 1,
            "justifyContent": "center",
          }
        }
      >
        <Text
          style={
            Object {
              "color": "rgb(28, 28, 30)",
            }
          }
        >
          Nothing here yet
        </Text>
      </View>
    </View>
  </RCTScrollView>
</View>
`;
