// Jest Snapshot v1, https://goo.gl/fbAQLP

exports[`Movie Collection renders correcly with data on details and similar movies 1`] = `
<View
  style={
    Array [
      Object {
        "alignItems": "center",
        "flex": 1,
        "height": "110%",
        "justifyContent": "center",
        "position": "absolute",
        "width": "100%",
      },
      Object {
        "backgroundColor": "rgb(242, 242, 242)CC",
      },
    ]
  }
>
  <ActivityIndicator
    animating={true}
    color="#999999"
    hidesWhenStopped={true}
    size="large"
  />
</View>
`;

exports[`Movie Collection renders correcly with empty details and similar movies 1`] = `null`;
